// Jest Snapshot v1, https://goo.gl/fbAQLP

exports[`ImageGallery imagesが空の場合、何も表示されないこと 1`] = `null`;

exports[`ImageGallery imagesの要素が1つの場合、1つだけ表示されること 1`] = `
<div
  className="mx-auto mt-6 max-w-2xl sm:px-6 lg:grid lg:max-w-7xl lg:grid-cols-3 lg:gap-x-8 lg:px-8"
>
  <div
    className="aspect-h-4 aspect-w-3 hidden overflow-hidden rounded-lg lg:block"
  >
    <img
      alt="Two each of gray, white, and black shirts laying flat."
      className="h-full w-full object-cover object-center"
      data-nimg="1"
      decoding="async"
      height={0}
      loading="lazy"
      onError={[Function]}
      onLoad={[Function]}
      sizes="100vw"
      src="/_next/image?url=https%3A%2F%2Fwww.pakutaso.com%2Fshared%2Fimg%2Fthumb%2FPAK74_ahirucyansusumu_TP_V.jpg&w=3840&q=75"
      srcSet="/_next/image?url=https%3A%2F%2Fwww.pakutaso.com%2Fshared%2Fimg%2Fthumb%2FPAK74_ahirucyansusumu_TP_V.jpg&w=640&q=75 640w, /_next/image?url=https%3A%2F%2Fwww.pakutaso.com%2Fshared%2Fimg%2Fthumb%2FPAK74_ahirucyansusumu_TP_V.jpg&w=750&q=75 750w, /_next/image?url=https%3A%2F%2Fwww.pakutaso.com%2Fshared%2Fimg%2Fthumb%2FPAK74_ahirucyansusumu_TP_V.jpg&w=828&q=75 828w, /_next/image?url=https%3A%2F%2Fwww.pakutaso.com%2Fshared%2Fimg%2Fthumb%2FPAK74_ahirucyansusumu_TP_V.jpg&w=1080&q=75 1080w, /_next/image?url=https%3A%2F%2Fwww.pakutaso.com%2Fshared%2Fimg%2Fthumb%2FPAK74_ahirucyansusumu_TP_V.jpg&w=1200&q=75 1200w, /_next/image?url=https%3A%2F%2Fwww.pakutaso.com%2Fshared%2Fimg%2Fthumb%2FPAK74_ahirucyansusumu_TP_V.jpg&w=1920&q=75 1920w, /_next/image?url=https%3A%2F%2Fwww.pakutaso.com%2Fshared%2Fimg%2Fthumb%2FPAK74_ahirucyansusumu_TP_V.jpg&w=2048&q=75 2048w, /_next/image?url=https%3A%2F%2Fwww.pakutaso.com%2Fshared%2Fimg%2Fthumb%2FPAK74_ahirucyansusumu_TP_V.jpg&w=3840&q=75 3840w"
      style={
        {
          "color": "transparent",
        }
      }
      width={0}
    />
  </div>
</div>
`;

exports[`ImageGallery imagesの要素が複数の場合、全て表示されること 1`] = `
<div
  className="mx-auto mt-6 max-w-2xl sm:px-6 lg:grid lg:max-w-7xl lg:grid-cols-3 lg:gap-x-8 lg:px-8"
>
  <div
    className="aspect-h-4 aspect-w-3 hidden overflow-hidden rounded-lg lg:block"
  >
    <img
      alt="Two each of gray, white, and black shirts laying flat."
      className="h-full w-full object-cover object-center"
      data-nimg="1"
      decoding="async"
      height={0}
      loading="lazy"
      onError={[Function]}
      onLoad={[Function]}
      sizes="100vw"
      src="/_next/image?url=https%3A%2F%2Fwww.pakutaso.com%2Fshared%2Fimg%2Fthumb%2FPAK74_ahirucyansusumu_TP_V.jpg&w=3840&q=75"
      srcSet="/_next/image?url=https%3A%2F%2Fwww.pakutaso.com%2Fshared%2Fimg%2Fthumb%2FPAK74_ahirucyansusumu_TP_V.jpg&w=640&q=75 640w, /_next/image?url=https%3A%2F%2Fwww.pakutaso.com%2Fshared%2Fimg%2Fthumb%2FPAK74_ahirucyansusumu_TP_V.jpg&w=750&q=75 750w, /_next/image?url=https%3A%2F%2Fwww.pakutaso.com%2Fshared%2Fimg%2Fthumb%2FPAK74_ahirucyansusumu_TP_V.jpg&w=828&q=75 828w, /_next/image?url=https%3A%2F%2Fwww.pakutaso.com%2Fshared%2Fimg%2Fthumb%2FPAK74_ahirucyansusumu_TP_V.jpg&w=1080&q=75 1080w, /_next/image?url=https%3A%2F%2Fwww.pakutaso.com%2Fshared%2Fimg%2Fthumb%2FPAK74_ahirucyansusumu_TP_V.jpg&w=1200&q=75 1200w, /_next/image?url=https%3A%2F%2Fwww.pakutaso.com%2Fshared%2Fimg%2Fthumb%2FPAK74_ahirucyansusumu_TP_V.jpg&w=1920&q=75 1920w, /_next/image?url=https%3A%2F%2Fwww.pakutaso.com%2Fshared%2Fimg%2Fthumb%2FPAK74_ahirucyansusumu_TP_V.jpg&w=2048&q=75 2048w, /_next/image?url=https%3A%2F%2Fwww.pakutaso.com%2Fshared%2Fimg%2Fthumb%2FPAK74_ahirucyansusumu_TP_V.jpg&w=3840&q=75 3840w"
      style={
        {
          "color": "transparent",
        }
      }
      width={0}
    />
  </div>
  <div
    className="hidden lg:grid lg:grid-cols-1 lg:gap-y-8"
  >
    <div
      className="aspect-h-2 aspect-w-3 overflow-hidden rounded-lg"
    >
      <img
        alt="Model wearing plain black basic tee."
        className="h-full w-full object-cover object-center"
        data-nimg="1"
        decoding="async"
        height={0}
        loading="lazy"
        onError={[Function]}
        onLoad={[Function]}
        sizes="100vw"
        src="/_next/image?url=https%3A%2F%2Fwww.pakutaso.com%2Fshared%2Fimg%2Fthumb%2FPAK85_enjinahirucyan_TP_V.jpg&w=3840&q=75"
        srcSet="/_next/image?url=https%3A%2F%2Fwww.pakutaso.com%2Fshared%2Fimg%2Fthumb%2FPAK85_enjinahirucyan_TP_V.jpg&w=640&q=75 640w, /_next/image?url=https%3A%2F%2Fwww.pakutaso.com%2Fshared%2Fimg%2Fthumb%2FPAK85_enjinahirucyan_TP_V.jpg&w=750&q=75 750w, /_next/image?url=https%3A%2F%2Fwww.pakutaso.com%2Fshared%2Fimg%2Fthumb%2FPAK85_enjinahirucyan_TP_V.jpg&w=828&q=75 828w, /_next/image?url=https%3A%2F%2Fwww.pakutaso.com%2Fshared%2Fimg%2Fthumb%2FPAK85_enjinahirucyan_TP_V.jpg&w=1080&q=75 1080w, /_next/image?url=https%3A%2F%2Fwww.pakutaso.com%2Fshared%2Fimg%2Fthumb%2FPAK85_enjinahirucyan_TP_V.jpg&w=1200&q=75 1200w, /_next/image?url=https%3A%2F%2Fwww.pakutaso.com%2Fshared%2Fimg%2Fthumb%2FPAK85_enjinahirucyan_TP_V.jpg&w=1920&q=75 1920w, /_next/image?url=https%3A%2F%2Fwww.pakutaso.com%2Fshared%2Fimg%2Fthumb%2FPAK85_enjinahirucyan_TP_V.jpg&w=2048&q=75 2048w, /_next/image?url=https%3A%2F%2Fwww.pakutaso.com%2Fshared%2Fimg%2Fthumb%2FPAK85_enjinahirucyan_TP_V.jpg&w=3840&q=75 3840w"
        style={
          {
            "color": "transparent",
          }
        }
        width={0}
      />
    </div>
    <div
      className="aspect-h-2 aspect-w-3 overflow-hidden rounded-lg"
    >
      <img
        alt="Model wearing plain gray basic tee."
        className="h-full w-full object-cover object-center"
        data-nimg="1"
        decoding="async"
        height={0}
        loading="lazy"
        onError={[Function]}
        onLoad={[Function]}
        sizes="100vw"
        src="/_next/image?url=https%3A%2F%2Fwww.pakutaso.com%2Fshared%2Fimg%2Fthumb%2FPAK88_amazonst_TP_V.jpg&w=3840&q=75"
        srcSet="/_next/image?url=https%3A%2F%2Fwww.pakutaso.com%2Fshared%2Fimg%2Fthumb%2FPAK88_amazonst_TP_V.jpg&w=640&q=75 640w, /_next/image?url=https%3A%2F%2Fwww.pakutaso.com%2Fshared%2Fimg%2Fthumb%2FPAK88_amazonst_TP_V.jpg&w=750&q=75 750w, /_next/image?url=https%3A%2F%2Fwww.pakutaso.com%2Fshared%2Fimg%2Fthumb%2FPAK88_amazonst_TP_V.jpg&w=828&q=75 828w, /_next/image?url=https%3A%2F%2Fwww.pakutaso.com%2Fshared%2Fimg%2Fthumb%2FPAK88_amazonst_TP_V.jpg&w=1080&q=75 1080w, /_next/image?url=https%3A%2F%2Fwww.pakutaso.com%2Fshared%2Fimg%2Fthumb%2FPAK88_amazonst_TP_V.jpg&w=1200&q=75 1200w, /_next/image?url=https%3A%2F%2Fwww.pakutaso.com%2Fshared%2Fimg%2Fthumb%2FPAK88_amazonst_TP_V.jpg&w=1920&q=75 1920w, /_next/image?url=https%3A%2F%2Fwww.pakutaso.com%2Fshared%2Fimg%2Fthumb%2FPAK88_amazonst_TP_V.jpg&w=2048&q=75 2048w, /_next/image?url=https%3A%2F%2Fwww.pakutaso.com%2Fshared%2Fimg%2Fthumb%2FPAK88_amazonst_TP_V.jpg&w=3840&q=75 3840w"
        style={
          {
            "color": "transparent",
          }
        }
        width={0}
      />
    </div>
  </div>
  <div
    className="aspect-h-5 aspect-w-4 lg:aspect-h-4 lg:aspect-w-3 sm:overflow-hidden sm:rounded-lg"
  >
    <img
      alt="Model wearing plain white basic tee."
      className="h-full w-full object-cover object-center"
      data-nimg="1"
      decoding="async"
      height={0}
      onError={[Function]}
      onLoad={[Function]}
      sizes="100vw"
      src="/_next/image?url=https%3A%2F%2Fwww.pakutaso.com%2Fshared%2Fimg%2Fthumb%2FNKJ56_dateahiru_TP_V.jpg&w=3840&q=75"
      srcSet="/_next/image?url=https%3A%2F%2Fwww.pakutaso.com%2Fshared%2Fimg%2Fthumb%2FNKJ56_dateahiru_TP_V.jpg&w=640&q=75 640w, /_next/image?url=https%3A%2F%2Fwww.pakutaso.com%2Fshared%2Fimg%2Fthumb%2FNKJ56_dateahiru_TP_V.jpg&w=750&q=75 750w, /_next/image?url=https%3A%2F%2Fwww.pakutaso.com%2Fshared%2Fimg%2Fthumb%2FNKJ56_dateahiru_TP_V.jpg&w=828&q=75 828w, /_next/image?url=https%3A%2F%2Fwww.pakutaso.com%2Fshared%2Fimg%2Fthumb%2FNKJ56_dateahiru_TP_V.jpg&w=1080&q=75 1080w, /_next/image?url=https%3A%2F%2Fwww.pakutaso.com%2Fshared%2Fimg%2Fthumb%2FNKJ56_dateahiru_TP_V.jpg&w=1200&q=75 1200w, /_next/image?url=https%3A%2F%2Fwww.pakutaso.com%2Fshared%2Fimg%2Fthumb%2FNKJ56_dateahiru_TP_V.jpg&w=1920&q=75 1920w, /_next/image?url=https%3A%2F%2Fwww.pakutaso.com%2Fshared%2Fimg%2Fthumb%2FNKJ56_dateahiru_TP_V.jpg&w=2048&q=75 2048w, /_next/image?url=https%3A%2F%2Fwww.pakutaso.com%2Fshared%2Fimg%2Fthumb%2FNKJ56_dateahiru_TP_V.jpg&w=3840&q=75 3840w"
      style={
        {
          "color": "transparent",
        }
      }
      width={0}
    />
  </div>
</div>
`;
